---
source: src/indexed_module.rs
expression: "index_module(indoc!(\"\n        module Test where\n        type Foo = Int\n        data Foo\n        \"))"
---
(
    IndexedModule {
        module_id: ModuleId {
            name: "Test",
        },
        types: {
            AbsoluteName {
                module: ModuleId {
                    name: "Test",
                },
                name: Symbol {
                    text: "Foo",
                },
            }: Type(
                TypeSynonymDecl {
                    name: AbsoluteName {
                        module: ModuleId {
                            name: "Test",
                        },
                        name: Symbol {
                            text: "Foo",
                        },
                    },
                    params: [],
                    body: Located(
                        SourceSpan {
                            start: 29,
                            end: 32,
                        },
                        TypeConstructor(
                            QualifiedName {
                                module: None,
                                name: Symbol {
                                    text: "Int",
                                },
                            },
                        ),
                    ),
                },
            ),
        },
        values: {},
        classes: {},
    },
    [
        Diagnostic {
            start: 33,
            end: 41,
            message: "Duplicate type declaration Foo",
            file: "test.purs",
        },
    ],
)
