---
source: src/parser.rs
expression: "parse_module(indoc!(r#\"\n            module Test where\n            data Maybe a = Nothing | Just a\n            newtype Foo = Foo Int\n            foreign import data X\n            foreign import data X :: Type\n        \"#))"
---
Located(
    SourceSpan {
        start: 0,
        end: 124,
    },
    Commented(
        [],
        ModuleInner {
            name: ModuleId {
                [salsa id]: 0,
                name: "Test",
            },
            exports: None,
            imports: [],
            declarations: [
                Located(
                    SourceSpan {
                        start: 18,
                        end: 49,
                    },
                    Commented(
                        [],
                        Data {
                            type_: Data,
                            name: Symbol {
                                [salsa id]: 0,
                                text: "Maybe",
                            },
                            params: [
                                (
                                    Symbol {
                                        [salsa id]: 1,
                                        text: "a",
                                    },
                                    None,
                                ),
                            ],
                            kind: None,
                            constructors: [
                                Located(
                                    SourceSpan {
                                        start: 33,
                                        end: 40,
                                    },
                                    Commented(
                                        [],
                                        DataConstructorDeclarationData {
                                            name: Symbol {
                                                [salsa id]: 2,
                                                text: "Nothing",
                                            },
                                            fields: [],
                                        },
                                    ),
                                ),
                                Located(
                                    SourceSpan {
                                        start: 43,
                                        end: 49,
                                    },
                                    Commented(
                                        [],
                                        DataConstructorDeclarationData {
                                            name: Symbol {
                                                [salsa id]: 3,
                                                text: "Just",
                                            },
                                            fields: [
                                                Located(
                                                    SourceSpan {
                                                        start: 48,
                                                        end: 49,
                                                    },
                                                    Var(
                                                        Symbol {
                                                            [salsa id]: 1,
                                                            text: "a",
                                                        },
                                                    ),
                                                ),
                                            ],
                                        },
                                    ),
                                ),
                            ],
                        },
                    ),
                ),
                Located(
                    SourceSpan {
                        start: 50,
                        end: 71,
                    },
                    Commented(
                        [],
                        Data {
                            type_: Newtype,
                            name: Symbol {
                                [salsa id]: 4,
                                text: "Foo",
                            },
                            params: [],
                            kind: None,
                            constructors: [
                                Located(
                                    SourceSpan {
                                        start: 64,
                                        end: 71,
                                    },
                                    Commented(
                                        [],
                                        DataConstructorDeclarationData {
                                            name: Symbol {
                                                [salsa id]: 4,
                                                text: "Foo",
                                            },
                                            fields: [
                                                Located(
                                                    SourceSpan {
                                                        start: 68,
                                                        end: 71,
                                                    },
                                                    TypeConstructor(
                                                        QualifiedName {
                                                            [salsa id]: 0,
                                                            module: None,
                                                            name: Symbol {
                                                                [salsa id]: 5,
                                                                text: "Int",
                                                            },
                                                        },
                                                    ),
                                                ),
                                            ],
                                        },
                                    ),
                                ),
                            ],
                        },
                    ),
                ),
                Located(
                    SourceSpan {
                        start: 72,
                        end: 93,
                    },
                    Commented(
                        [],
                        Data {
                            type_: ForeignData,
                            name: Symbol {
                                [salsa id]: 6,
                                text: "X",
                            },
                            params: [],
                            kind: None,
                            constructors: [],
                        },
                    ),
                ),
                Located(
                    SourceSpan {
                        start: 94,
                        end: 123,
                    },
                    Commented(
                        [],
                        Data {
                            type_: ForeignData,
                            name: Symbol {
                                [salsa id]: 6,
                                text: "X",
                            },
                            params: [],
                            kind: Some(
                                Located(
                                    SourceSpan {
                                        start: 119,
                                        end: 123,
                                    },
                                    TypeConstructor(
                                        QualifiedName {
                                            [salsa id]: 1,
                                            module: None,
                                            name: Symbol {
                                                [salsa id]: 7,
                                                text: "Type",
                                            },
                                        },
                                    ),
                                ),
                            ),
                            constructors: [],
                        },
                    ),
                ),
            ],
        },
    ),
)
