---
source: src/parser.rs
expression: "parse_module(indoc!(r#\"\n            module Test where\n            class Foo a where\n              foo :: a -> Bool\n              bar :: a\n        \"#))"
---
Located(
    SourceSpan {
        start: 0,
        end: 66,
    },
    Commented(
        [],
        ModuleInner {
            name: QualifiedName {
                symbol: Symbol {
                    [salsa id]: 0,
                    text: "Test",
                },
                actually_qualified: false,
            },
            exports: None,
            imports: [],
            declarations: [
                Located(
                    SourceSpan {
                        start: 18,
                        end: 66,
                    },
                    Commented(
                        [],
                        Class(
                            TypeClassDeclaration {
                                constraints: [],
                                name: Symbol {
                                    [salsa id]: 1,
                                    text: "Foo",
                                },
                                params: [
                                    (
                                        Symbol {
                                            [salsa id]: 2,
                                            text: "a",
                                        },
                                        None,
                                    ),
                                ],
                                fundeps: [],
                                methods: [
                                    TypeDeclarationData {
                                        ident: Symbol {
                                            [salsa id]: 3,
                                            text: "foo",
                                        },
                                        r#type: Located(
                                            SourceSpan {
                                                start: 45,
                                                end: 54,
                                            },
                                            FunctionType(
                                                Located(
                                                    SourceSpan {
                                                        start: 45,
                                                        end: 46,
                                                    },
                                                    Var(
                                                        Symbol {
                                                            [salsa id]: 2,
                                                            text: "a",
                                                        },
                                                    ),
                                                ),
                                                Located(
                                                    SourceSpan {
                                                        start: 50,
                                                        end: 54,
                                                    },
                                                    TypeConstructor(
                                                        QualifiedName {
                                                            symbol: Symbol {
                                                                [salsa id]: 4,
                                                                text: "Bool",
                                                            },
                                                            actually_qualified: false,
                                                        },
                                                    ),
                                                ),
                                            ),
                                        ),
                                    },
                                    TypeDeclarationData {
                                        ident: Symbol {
                                            [salsa id]: 5,
                                            text: "bar",
                                        },
                                        r#type: Located(
                                            SourceSpan {
                                                start: 64,
                                                end: 65,
                                            },
                                            Var(
                                                Symbol {
                                                    [salsa id]: 2,
                                                    text: "a",
                                                },
                                            ),
                                        ),
                                    },
                                ],
                            },
                        ),
                    ),
                ),
            ],
        },
    ),
)
