---
source: src/parser.rs
expression: "parse_module(indoc!(r#\"\n            module Test where\n            foreign import foo :: Int -> Int\n        \"#))"
---
Located(
    SourceSpan {
        decl: Module(
            ModuleId {
                name: "Test",
            },
        ),
        start: 0,
        end: 51,
    },
    Commented(
        [],
        ModuleInner {
            name: ModuleId {
                name: "Test",
            },
            exports: None,
            imports: [],
            declarations: [
                Located(
                    SourceSpan {
                        decl: Module(
                            ModuleId {
                                name: "Test",
                            },
                        ),
                        start: 18,
                        end: 50,
                    },
                    Commented(
                        [],
                        ForeignValue {
                            name: Symbol {
                                text: "foo",
                            },
                            type_: Located(
                                SourceSpan {
                                    decl: Module(
                                        ModuleId {
                                            name: "Test",
                                        },
                                    ),
                                    start: 40,
                                    end: 50,
                                },
                                FunctionType(
                                    Located(
                                        SourceSpan {
                                            decl: Module(
                                                ModuleId {
                                                    name: "Test",
                                                },
                                            ),
                                            start: 40,
                                            end: 43,
                                        },
                                        TypeConstructor(
                                            QualifiedName {
                                                module: None,
                                                name: Symbol {
                                                    text: "Int",
                                                },
                                            },
                                        ),
                                    ),
                                    Located(
                                        SourceSpan {
                                            decl: Module(
                                                ModuleId {
                                                    name: "Test",
                                                },
                                            ),
                                            start: 47,
                                            end: 50,
                                        },
                                        TypeConstructor(
                                            QualifiedName {
                                                module: None,
                                                name: Symbol {
                                                    text: "Int",
                                                },
                                            },
                                        ),
                                    ),
                                ),
                            ),
                        },
                    ),
                ),
            ],
        },
    ),
)
