---
source: src/parser.rs
expression: "parse_module(indoc!(r#\"\n            module Test where\n            class Category :: forall k. (k -> k -> Type) -> Constraint\n        \"#))"
---
Located(
    SourceSpan {
        start: 0,
        end: 77,
    },
    Commented(
        [],
        ModuleInner {
            name: QualifiedName(
                Symbol(
                    "Test",
                ),
            ),
            exports: None,
            imports: [],
            declarations: [
                Located(
                    SourceSpan {
                        start: 18,
                        end: 76,
                    },
                    Commented(
                        [],
                        KindSignature {
                            for_type: Class,
                            name: Symbol(
                                "Category",
                            ),
                            kind: Located(
                                SourceSpan {
                                    start: 36,
                                    end: 76,
                                },
                                ForAll {
                                    vars: [
                                        (
                                            Symbol(
                                                "k",
                                            ),
                                            None,
                                        ),
                                    ],
                                    body: Located(
                                        SourceSpan {
                                            start: 46,
                                            end: 76,
                                        },
                                        FunctionType(
                                            Located(
                                                SourceSpan {
                                                    start: 46,
                                                    end: 62,
                                                },
                                                Parens(
                                                    Located(
                                                        SourceSpan {
                                                            start: 47,
                                                            end: 61,
                                                        },
                                                        FunctionType(
                                                            Located(
                                                                SourceSpan {
                                                                    start: 47,
                                                                    end: 48,
                                                                },
                                                                Var(
                                                                    Symbol(
                                                                        "k",
                                                                    ),
                                                                ),
                                                            ),
                                                            Located(
                                                                SourceSpan {
                                                                    start: 52,
                                                                    end: 61,
                                                                },
                                                                FunctionType(
                                                                    Located(
                                                                        SourceSpan {
                                                                            start: 52,
                                                                            end: 53,
                                                                        },
                                                                        Var(
                                                                            Symbol(
                                                                                "k",
                                                                            ),
                                                                        ),
                                                                    ),
                                                                    Located(
                                                                        SourceSpan {
                                                                            start: 57,
                                                                            end: 61,
                                                                        },
                                                                        TypeConstructor(
                                                                            QualifiedName(
                                                                                Symbol(
                                                                                    "Type",
                                                                                ),
                                                                            ),
                                                                        ),
                                                                    ),
                                                                ),
                                                            ),
                                                        ),
                                                    ),
                                                ),
                                            ),
                                            Located(
                                                SourceSpan {
                                                    start: 66,
                                                    end: 76,
                                                },
                                                TypeConstructor(
                                                    QualifiedName(
                                                        Symbol(
                                                            "Constraint",
                                                        ),
                                                    ),
                                                ),
                                            ),
                                        ),
                                    ),
                                    skolem_scope: None,
                                },
                            ),
                        },
                    ),
                ),
            ],
        },
    ),
)
