---
source: src/rename.rs
expression: "rename_mod(indoc!(\"module Test where\n\n                import Lib (A(MkA))\n\n                a :: A\n                a = MkA\n            \"),\n    vec![indoc!(\"\n                module Lib where\n\n                data A = MkA\n                \")])"
---

a :: Lib.A
a = Lib.MkA
[]
