---
source: src/parser.rs
expression: "parse_module(indoc!(r#\"\n            module Test where\n            class Foo a\n        \"#))"
---
Located(
    SourceSpan {
        start: 0,
        end: 30,
    },
    Commented(
        [],
        ModuleInner {
            name: QualifiedName(
                Symbol(
                    "Test",
                ),
            ),
            exports: None,
            imports: [],
            declarations: [
                Located(
                    SourceSpan {
                        start: 18,
                        end: 29,
                    },
                    Commented(
                        [],
                        Class(
                            TypeClassDeclaration {
                                constraints: [],
                                name: Symbol(
                                    "Foo",
                                ),
                                params: [
                                    (
                                        Symbol(
                                            "a",
                                        ),
                                        None,
                                    ),
                                ],
                                methods: [],
                            },
                        ),
                    ),
                ),
            ],
        },
    ),
)
