---
source: src/parser.rs
expression: "parse_module(indoc!(r#\"\n            module Test where\n            class Category :: forall k. (k -> k -> Type) -> Constraint\n        \"#))"
---
Located(
    SourceSpan {
        start: 0,
        end: 77,
    },
    Commented(
        [],
        ModuleInner {
            name: QualifiedName {
                symbol: Symbol(
                    Id {
                        value: 1,
                    },
                ),
                actually_qualified: false,
            },
            exports: None,
            imports: [],
            declarations: [
                Located(
                    SourceSpan {
                        start: 18,
                        end: 76,
                    },
                    Commented(
                        [],
                        KindSignature {
                            for_type: Class,
                            name: Symbol(
                                Id {
                                    value: 2,
                                },
                            ),
                            kind: Located(
                                SourceSpan {
                                    start: 36,
                                    end: 76,
                                },
                                ForAll {
                                    vars: [
                                        (
                                            Symbol(
                                                Id {
                                                    value: 3,
                                                },
                                            ),
                                            None,
                                        ),
                                    ],
                                    body: Located(
                                        SourceSpan {
                                            start: 46,
                                            end: 76,
                                        },
                                        FunctionType(
                                            Located(
                                                SourceSpan {
                                                    start: 46,
                                                    end: 62,
                                                },
                                                Parens(
                                                    Located(
                                                        SourceSpan {
                                                            start: 47,
                                                            end: 61,
                                                        },
                                                        FunctionType(
                                                            Located(
                                                                SourceSpan {
                                                                    start: 47,
                                                                    end: 48,
                                                                },
                                                                Var(
                                                                    Symbol(
                                                                        Id {
                                                                            value: 3,
                                                                        },
                                                                    ),
                                                                ),
                                                            ),
                                                            Located(
                                                                SourceSpan {
                                                                    start: 52,
                                                                    end: 61,
                                                                },
                                                                FunctionType(
                                                                    Located(
                                                                        SourceSpan {
                                                                            start: 52,
                                                                            end: 53,
                                                                        },
                                                                        Var(
                                                                            Symbol(
                                                                                Id {
                                                                                    value: 3,
                                                                                },
                                                                            ),
                                                                        ),
                                                                    ),
                                                                    Located(
                                                                        SourceSpan {
                                                                            start: 57,
                                                                            end: 61,
                                                                        },
                                                                        TypeConstructor(
                                                                            QualifiedName {
                                                                                symbol: Symbol(
                                                                                    Id {
                                                                                        value: 4,
                                                                                    },
                                                                                ),
                                                                                actually_qualified: false,
                                                                            },
                                                                        ),
                                                                    ),
                                                                ),
                                                            ),
                                                        ),
                                                    ),
                                                ),
                                            ),
                                            Located(
                                                SourceSpan {
                                                    start: 66,
                                                    end: 76,
                                                },
                                                TypeConstructor(
                                                    QualifiedName {
                                                        symbol: Symbol(
                                                            Id {
                                                                value: 5,
                                                            },
                                                        ),
                                                        actually_qualified: false,
                                                    },
                                                ),
                                            ),
                                        ),
                                    ),
                                    skolem_scope: None,
                                },
                            ),
                        },
                    ),
                ),
            ],
        },
    ),
)
