---
source: src/parser.rs
expression: "parse_expr(indoc!(\"\n          ado\n            let x = 1\n            y <- f z\n            g a\n            in 2\n        \"))"
---
Located(
    SourceSpan {
        decl: Module(
            ModuleId {
                name: "Test",
            },
        ),
        start: 0,
        end: 39,
    },
    Ado(
        [
            Let(
                [
                    Located(
                        SourceSpan {
                            decl: Module(
                                ModuleId {
                                    name: "Test",
                                },
                            ),
                            start: 10,
                            end: 15,
                        },
                        Commented(
                            [],
                            ValueDeclaration(
                                ValueDeclaration {
                                    ident: Symbol {
                                        text: "x",
                                    },
                                    params: [],
                                    expr: Unconditional(
                                        Located(
                                            SourceSpan {
                                                decl: Module(
                                                    ModuleId {
                                                        name: "Test",
                                                    },
                                                ),
                                                start: 14,
                                                end: 15,
                                            },
                                            Literal(
                                                Integer(
                                                    1,
                                                ),
                                            ),
                                        ),
                                    ),
                                },
                            ),
                        ),
                    ),
                ],
            ),
            Bind(
                Located(
                    SourceSpan {
                        decl: Module(
                            ModuleId {
                                name: "Test",
                            },
                        ),
                        start: 18,
                        end: 19,
                    },
                    Var(
                        Symbol {
                            text: "y",
                        },
                    ),
                ),
                Located(
                    SourceSpan {
                        decl: Module(
                            ModuleId {
                                name: "Test",
                            },
                        ),
                        start: 23,
                        end: 26,
                    },
                    App(
                        Located(
                            SourceSpan {
                                decl: Module(
                                    ModuleId {
                                        name: "Test",
                                    },
                                ),
                                start: 23,
                                end: 24,
                            },
                            Var(
                                QualifiedName {
                                    module: None,
                                    name: Symbol {
                                        text: "f",
                                    },
                                },
                            ),
                        ),
                        [
                            Located(
                                SourceSpan {
                                    decl: Module(
                                        ModuleId {
                                            name: "Test",
                                        },
                                    ),
                                    start: 25,
                                    end: 26,
                                },
                                Var(
                                    QualifiedName {
                                        module: None,
                                        name: Symbol {
                                            text: "z",
                                        },
                                    },
                                ),
                            ),
                        ],
                    ),
                ),
            ),
            Expr(
                Located(
                    SourceSpan {
                        decl: Module(
                            ModuleId {
                                name: "Test",
                            },
                        ),
                        start: 29,
                        end: 32,
                    },
                    App(
                        Located(
                            SourceSpan {
                                decl: Module(
                                    ModuleId {
                                        name: "Test",
                                    },
                                ),
                                start: 29,
                                end: 30,
                            },
                            Var(
                                QualifiedName {
                                    module: None,
                                    name: Symbol {
                                        text: "g",
                                    },
                                },
                            ),
                        ),
                        [
                            Located(
                                SourceSpan {
                                    decl: Module(
                                        ModuleId {
                                            name: "Test",
                                        },
                                    ),
                                    start: 31,
                                    end: 32,
                                },
                                Var(
                                    QualifiedName {
                                        module: None,
                                        name: Symbol {
                                            text: "a",
                                        },
                                    },
                                ),
                            ),
                        ],
                    ),
                ),
            ),
        ],
        Located(
            SourceSpan {
                decl: Module(
                    ModuleId {
                        name: "Test",
                    },
                ),
                start: 38,
                end: 39,
            },
            Literal(
                Integer(
                    2,
                ),
            ),
        ),
    ),
)
