---
source: src/parser.rs
expression: "parse_type(\"a + b + c\")"
---
Located(
    SourceSpan {
        decl: Module(
            ModuleId {
                name: "Test",
            },
        ),
        start: 0,
        end: 9,
    },
    Infix(
        Located(
            SourceSpan {
                decl: Module(
                    ModuleId {
                        name: "Test",
                    },
                ),
                start: 0,
                end: 1,
            },
            Var(
                Symbol {
                    text: "a",
                },
            ),
        ),
        [
            (
                QualifiedName {
                    module: None,
                    name: Symbol {
                        text: "+",
                    },
                },
                Located(
                    SourceSpan {
                        decl: Module(
                            ModuleId {
                                name: "Test",
                            },
                        ),
                        start: 4,
                        end: 5,
                    },
                    Var(
                        Symbol {
                            text: "b",
                        },
                    ),
                ),
            ),
            (
                QualifiedName {
                    module: None,
                    name: Symbol {
                        text: "+",
                    },
                },
                Located(
                    SourceSpan {
                        decl: Module(
                            ModuleId {
                                name: "Test",
                            },
                        ),
                        start: 8,
                        end: 9,
                    },
                    Var(
                        Symbol {
                            text: "c",
                        },
                    ),
                ),
            ),
        ],
    ),
)
