---
source: src/parser.rs
expression: "parse_module(indoc!(\"\n          module Test where\n\n          import Foo.Asd\n          import Bar.Asd as Baz\n          import Qux.Asd (x)\n          import Zzz.Asd (y, z) as Yyy\n          import Aaa.Asd hiding (q)\n\n          x = 1\n\n        \"))"
---
Located(
    SourceSpan {
        start: 0,
        end: 138,
    },
    Commented(
        [],
        ModuleInner {
            name: QualifiedName(
                Symbol(
                    "Test",
                ),
            ),
            exports: None,
            imports: [
                Located(
                    SourceSpan {
                        start: 19,
                        end: 34,
                    },
                    ImportInner {
                        module: QualifiedName(
                            Symbol(
                                "Foo.Asd",
                            ),
                        ),
                        kind: Implicit,
                        alias: None,
                    },
                ),
                Located(
                    SourceSpan {
                        start: 34,
                        end: 55,
                    },
                    ImportInner {
                        module: QualifiedName(
                            Symbol(
                                "Bar.Asd",
                            ),
                        ),
                        kind: Implicit,
                        alias: Some(
                            QualifiedName(
                                Symbol(
                                    "Baz",
                                ),
                            ),
                        ),
                    },
                ),
                Located(
                    SourceSpan {
                        start: 56,
                        end: 74,
                    },
                    ImportInner {
                        module: QualifiedName(
                            Symbol(
                                "Qux.Asd",
                            ),
                        ),
                        kind: Explicit(
                            [
                                Located(
                                    SourceSpan {
                                        start: 72,
                                        end: 73,
                                    },
                                    Value {
                                        name: Symbol(
                                            "x",
                                        ),
                                    },
                                ),
                            ],
                        ),
                        alias: None,
                    },
                ),
                Located(
                    SourceSpan {
                        start: 75,
                        end: 103,
                    },
                    ImportInner {
                        module: QualifiedName(
                            Symbol(
                                "Zzz.Asd",
                            ),
                        ),
                        kind: Explicit(
                            [
                                Located(
                                    SourceSpan {
                                        start: 91,
                                        end: 92,
                                    },
                                    Value {
                                        name: Symbol(
                                            "y",
                                        ),
                                    },
                                ),
                                Located(
                                    SourceSpan {
                                        start: 94,
                                        end: 95,
                                    },
                                    Value {
                                        name: Symbol(
                                            "z",
                                        ),
                                    },
                                ),
                            ],
                        ),
                        alias: Some(
                            QualifiedName(
                                Symbol(
                                    "Yyy",
                                ),
                            ),
                        ),
                    },
                ),
                Located(
                    SourceSpan {
                        start: 104,
                        end: 129,
                    },
                    ImportInner {
                        module: QualifiedName(
                            Symbol(
                                "Aaa.Asd",
                            ),
                        ),
                        kind: Hiding(
                            [
                                Located(
                                    SourceSpan {
                                        start: 127,
                                        end: 128,
                                    },
                                    Value {
                                        name: Symbol(
                                            "q",
                                        ),
                                    },
                                ),
                            ],
                        ),
                        alias: None,
                    },
                ),
            ],
            declarations: [
                Located(
                    SourceSpan {
                        start: 131,
                        end: 136,
                    },
                    Commented(
                        [],
                        ValueDeclaration(
                            ValueDeclaration {
                                ident: Symbol(
                                    "x",
                                ),
                                params: [],
                                expr: [
                                    GuardedExpr {
                                        guards: [],
                                        expr: Located(
                                            SourceSpan {
                                                start: 135,
                                                end: 136,
                                            },
                                            Literal(
                                                Integer(
                                                    1,
                                                ),
                                            ),
                                        ),
                                    },
                                ],
                            },
                        ),
                    ),
                ),
            ],
        },
    ),
)
