---
source: src/parser.rs
expression: "parse_module(indoc!(\"\n        module Test where\n        infix 1 f as !#\n        infixl 2 g as $%#\n        infixr 3 h as <@#%\n        infix 1 Foo as ^%\n        \"))"
---
Located(
    SourceSpan {
        start: 0,
        end: 89,
    },
    Commented(
        [],
        ModuleInner {
            name: QualifiedName {
                symbol: Symbol {
                    [salsa id]: 0,
                    text: "Test",
                },
                actually_qualified: false,
            },
            exports: None,
            imports: [],
            declarations: [
                Located(
                    SourceSpan {
                        start: 18,
                        end: 33,
                    },
                    Commented(
                        [],
                        Operator {
                            associativity: None,
                            precedence: 1,
                            name: Value(
                                QualifiedName {
                                    symbol: Symbol {
                                        [salsa id]: 1,
                                        text: "f",
                                    },
                                    actually_qualified: false,
                                },
                            ),
                            operator: Symbol {
                                [salsa id]: 2,
                                text: "!#",
                            },
                        },
                    ),
                ),
                Located(
                    SourceSpan {
                        start: 34,
                        end: 51,
                    },
                    Commented(
                        [],
                        Operator {
                            associativity: Left,
                            precedence: 2,
                            name: Value(
                                QualifiedName {
                                    symbol: Symbol {
                                        [salsa id]: 3,
                                        text: "g",
                                    },
                                    actually_qualified: false,
                                },
                            ),
                            operator: Symbol {
                                [salsa id]: 4,
                                text: "$%#",
                            },
                        },
                    ),
                ),
                Located(
                    SourceSpan {
                        start: 52,
                        end: 70,
                    },
                    Commented(
                        [],
                        Operator {
                            associativity: Right,
                            precedence: 3,
                            name: Value(
                                QualifiedName {
                                    symbol: Symbol {
                                        [salsa id]: 5,
                                        text: "h",
                                    },
                                    actually_qualified: false,
                                },
                            ),
                            operator: Symbol {
                                [salsa id]: 6,
                                text: "<@#%",
                            },
                        },
                    ),
                ),
                Located(
                    SourceSpan {
                        start: 71,
                        end: 88,
                    },
                    Commented(
                        [],
                        Operator {
                            associativity: None,
                            precedence: 1,
                            name: DataConstructor(
                                QualifiedName {
                                    symbol: Symbol {
                                        [salsa id]: 7,
                                        text: "Foo",
                                    },
                                    actually_qualified: false,
                                },
                            ),
                            operator: Symbol {
                                [salsa id]: 8,
                                text: "^%",
                            },
                        },
                    ),
                ),
            ],
        },
    ),
)
