---
source: src/parser.rs
expression: "parse_module(indoc!(r#\"\n            module Test where\n            class Foo a where\n        \"#))"
---
Located(
    SourceSpan {
        start: 0,
        end: 36,
    },
    Commented(
        [],
        ModuleInner {
            name: ModuleId {
                name: "Test",
            },
            exports: None,
            imports: [],
            declarations: [
                Located(
                    SourceSpan {
                        start: 18,
                        end: 36,
                    },
                    Commented(
                        [],
                        Class(
                            TypeClassDeclaration {
                                constraints: [],
                                name: Symbol {
                                    text: "Foo",
                                },
                                params: [
                                    (
                                        Symbol {
                                            text: "a",
                                        },
                                        None,
                                    ),
                                ],
                                fundeps: [],
                                methods: [],
                            },
                        ),
                    ),
                ),
            ],
        },
    ),
)
