---
source: src/renamed_module.rs
expression: "export_decls(indoc!(\"\n            module Test\n              ( module L\n              , x ) where\n            \n            import Lib as L\n            \n            x = 1\n            \"),\n    vec![LIB1])"
---
(
    [
        DeclId {
            namespace: Type,
            module: ModuleId {
                name: "Lib",
            },
            name: Symbol {
                text: "Foo",
            },
        },
        DeclId {
            namespace: Value,
            module: ModuleId {
                name: "Test",
            },
            name: Symbol {
                text: "x",
            },
        },
    ],
    [],
)
