---
source: src/parser.rs
expression: "parse_type(\"A -> B -> C\")"
---
Located(
    SourceSpan {
        start: 0,
        end: 11,
    },
    FunctionType(
        Located(
            SourceSpan {
                start: 0,
                end: 1,
            },
            TypeConstructor(
                QualifiedName {
                    [salsa id]: 0,
                    module: None,
                    name: Symbol {
                        [salsa id]: 0,
                        text: "A",
                    },
                },
            ),
        ),
        Located(
            SourceSpan {
                start: 5,
                end: 11,
            },
            FunctionType(
                Located(
                    SourceSpan {
                        start: 5,
                        end: 6,
                    },
                    TypeConstructor(
                        QualifiedName {
                            [salsa id]: 1,
                            module: None,
                            name: Symbol {
                                [salsa id]: 1,
                                text: "B",
                            },
                        },
                    ),
                ),
                Located(
                    SourceSpan {
                        start: 10,
                        end: 11,
                    },
                    TypeConstructor(
                        QualifiedName {
                            [salsa id]: 2,
                            module: None,
                            name: Symbol {
                                [salsa id]: 2,
                                text: "C",
                            },
                        },
                    ),
                ),
            ),
        ),
    ),
)
