---
source: src/parser.rs
expression: "parse_module(indoc!(r#\"\n            module Test where\n            class Foo a b | a -> b where\n        \"#))"
---
Located(
    SourceSpan {
        start: 0,
        end: 47,
    },
    Commented(
        [],
        ModuleInner {
            name: QualifiedName {
                symbol: Symbol(
                    Id {
                        value: 1,
                    },
                ),
                actually_qualified: false,
            },
            exports: None,
            imports: [],
            declarations: [
                Located(
                    SourceSpan {
                        start: 18,
                        end: 47,
                    },
                    Commented(
                        [],
                        Class(
                            TypeClassDeclaration {
                                constraints: [],
                                name: Symbol(
                                    Id {
                                        value: 2,
                                    },
                                ),
                                params: [
                                    (
                                        Symbol(
                                            Id {
                                                value: 3,
                                            },
                                        ),
                                        None,
                                    ),
                                    (
                                        Symbol(
                                            Id {
                                                value: 4,
                                            },
                                        ),
                                        None,
                                    ),
                                ],
                                fundeps: [
                                    Fundep {
                                        from: [
                                            Symbol(
                                                Id {
                                                    value: 3,
                                                },
                                            ),
                                        ],
                                        to: [
                                            Symbol(
                                                Id {
                                                    value: 4,
                                                },
                                            ),
                                        ],
                                    },
                                ],
                                methods: [],
                            },
                        ),
                    ),
                ),
            ],
        },
    ),
)
