---
source: src/parser.rs
expression: "parse_type(\"( | e )\")"
---
Located(
    SourceSpan {
        start: 0,
        end: 7,
    },
    Row {
        fields: [],
        rest: Some(
            Located(
                SourceSpan {
                    start: 4,
                    end: 5,
                },
                Var(
                    Symbol {
                        [salsa id]: 0,
                        text: "e",
                    },
                ),
            ),
        ),
    },
)
