---
source: src/parser.rs
expression: "parse_expr(r#\" x List.: xs \"#)"
---
Located(
    SourceSpan {
        start: 1,
        end: 12,
    },
    Infix(
        Located(
            SourceSpan {
                start: 1,
                end: 2,
            },
            Var(
                QualifiedName {
                    module: None,
                    name: Symbol {
                        text: "x",
                    },
                },
            ),
        ),
        [
            (
                Symbol(
                    QualifiedName {
                        module: Some(
                            ModuleId {
                                name: "List",
                            },
                        ),
                        name: Symbol {
                            text: ":",
                        },
                    },
                ),
                Located(
                    SourceSpan {
                        start: 10,
                        end: 12,
                    },
                    Var(
                        QualifiedName {
                            module: None,
                            name: Symbol {
                                text: "xs",
                            },
                        },
                    ),
                ),
            ),
        ],
    ),
)
