---
source: src/parser.rs
expression: "parse_expr(indoc!(\"\n            let Just x | true = 1\n            in x\n        \"))"
---
Located(
    SourceSpan {
        start: 0,
        end: 26,
    },
    Let {
        decls: [
            Located(
                SourceSpan {
                    start: 4,
                    end: 21,
                },
                Commented(
                    [],
                    Destructuring {
                        pat: Located(
                            SourceSpan {
                                start: 4,
                                end: 10,
                            },
                            DataConstructorApp(
                                QualifiedName {
                                    symbol: Symbol {
                                        [salsa id]: 0,
                                        text: "Just",
                                    },
                                    actually_qualified: false,
                                },
                                [
                                    Located(
                                        SourceSpan {
                                            start: 9,
                                            end: 10,
                                        },
                                        Var(
                                            Symbol {
                                                [salsa id]: 1,
                                                text: "x",
                                            },
                                        ),
                                    ),
                                ],
                            ),
                        ),
                        expr: Guarded(
                            [
                                GuardedExpr {
                                    guards: [
                                        Expr(
                                            Located(
                                                SourceSpan {
                                                    start: 13,
                                                    end: 17,
                                                },
                                                Literal(
                                                    Boolean(
                                                        true,
                                                    ),
                                                ),
                                            ),
                                        ),
                                    ],
                                    expr: Located(
                                        SourceSpan {
                                            start: 20,
                                            end: 21,
                                        },
                                        Literal(
                                            Integer(
                                                1,
                                            ),
                                        ),
                                    ),
                                },
                            ],
                        ),
                    },
                ),
            ),
        ],
        body: Located(
            SourceSpan {
                start: 25,
                end: 26,
            },
            Var(
                QualifiedName {
                    symbol: Symbol {
                        [salsa id]: 1,
                        text: "x",
                    },
                    actually_qualified: false,
                },
            ),
        ),
    },
)
