---
source: src/parser.rs
expression: "parse_module(indoc!(r#\"\n            module Test where\n            instance Bar a => Foo a where\n              bar = 1\n        \"#))"
---
Located(
    SourceSpan {
        start: 0,
        end: 58,
    },
    Commented(
        [],
        ModuleInner {
            name: QualifiedName {
                symbol: Symbol {
                    [salsa id]: 0,
                    text: "Test",
                },
                actually_qualified: false,
            },
            exports: None,
            imports: [],
            declarations: [
                Located(
                    SourceSpan {
                        start: 18,
                        end: 58,
                    },
                    Commented(
                        [],
                        InstanceChain(
                            [
                                InstanceDeclaration {
                                    constraints: [
                                        Located(
                                            SourceSpan {
                                                start: 27,
                                                end: 32,
                                            },
                                            TypeApp(
                                                Located(
                                                    SourceSpan {
                                                        start: 27,
                                                        end: 30,
                                                    },
                                                    TypeConstructor(
                                                        QualifiedName {
                                                            symbol: Symbol {
                                                                [salsa id]: 1,
                                                                text: "Bar",
                                                            },
                                                            actually_qualified: false,
                                                        },
                                                    ),
                                                ),
                                                Located(
                                                    SourceSpan {
                                                        start: 31,
                                                        end: 32,
                                                    },
                                                    Var(
                                                        Symbol {
                                                            [salsa id]: 2,
                                                            text: "a",
                                                        },
                                                    ),
                                                ),
                                            ),
                                        ),
                                    ],
                                    instance_type: Plain,
                                    instance_name: None,
                                    class: QualifiedName {
                                        symbol: Symbol {
                                            [salsa id]: 3,
                                            text: "Foo",
                                        },
                                        actually_qualified: false,
                                    },
                                    args: [
                                        Located(
                                            SourceSpan {
                                                start: 40,
                                                end: 41,
                                            },
                                            Var(
                                                Symbol {
                                                    [salsa id]: 2,
                                                    text: "a",
                                                },
                                            ),
                                        ),
                                    ],
                                    body: [
                                        Located(
                                            SourceSpan {
                                                start: 50,
                                                end: 57,
                                            },
                                            Commented(
                                                [],
                                                ValueDeclaration(
                                                    ValueDeclaration {
                                                        ident: Symbol {
                                                            [salsa id]: 4,
                                                            text: "bar",
                                                        },
                                                        params: [],
                                                        expr: Unconditional(
                                                            Located(
                                                                SourceSpan {
                                                                    start: 56,
                                                                    end: 57,
                                                                },
                                                                Literal(
                                                                    Integer(
                                                                        1,
                                                                    ),
                                                                ),
                                                            ),
                                                        ),
                                                    },
                                                ),
                                            ),
                                        ),
                                    ],
                                },
                            ],
                        ),
                    ),
                ),
            ],
        },
    ),
)
