---
source: src/indexed_module.rs
expression: "index_module(indoc!(\"\n        module Test where\n        foo :: Int\n        data Foo\n        \"))"
---
(
    IndexedModule {
        module_id: ModuleId {
            name: "Test",
        },
        types: {
            AbsoluteName {
                module: ModuleId {
                    name: "Test",
                },
                name: Symbol {
                    text: "Foo",
                },
            }: Data(
                DataDecl {
                    type_: Data,
                    name: AbsoluteName {
                        module: ModuleId {
                            name: "Test",
                        },
                        name: Symbol {
                            text: "Foo",
                        },
                    },
                    params: [],
                    kind: None,
                    constructors: [],
                },
            ),
        },
        values: {},
        classes: {},
        decls_ref_loc: {
            DeclId(
                Id {
                    value: 1,
                },
            ): 29,
        },
        filename: "test.purs",
    },
    [
        Diagnostic {
            span: SourceSpan {
                decl: Module(
                    ModuleId(
                        Id {
                            value: 2,
                        },
                    ),
                ),
                start: 18,
                end: 28,
            },
            message: "Type signature of foo should be followed by its definition",
        },
    ],
)
