---
source: src/parser.rs
expression: "parse_expr(r#\"f a.b (g x)\"#)"
---
Located(
    SourceSpan {
        start: 0,
        end: 11,
    },
    App(
        Located(
            SourceSpan {
                start: 0,
                end: 1,
            },
            Var(
                QualifiedName {
                    [salsa id]: 0,
                    module: None,
                    name: Symbol {
                        [salsa id]: 0,
                        text: "f",
                    },
                },
            ),
        ),
        [
            Located(
                SourceSpan {
                    start: 2,
                    end: 5,
                },
                Accessor(
                    Located(
                        SourceSpan {
                            start: 2,
                            end: 3,
                        },
                        Var(
                            QualifiedName {
                                [salsa id]: 1,
                                module: None,
                                name: Symbol {
                                    [salsa id]: 1,
                                    text: "a",
                                },
                            },
                        ),
                    ),
                    Symbol {
                        [salsa id]: 2,
                        text: "b",
                    },
                ),
            ),
            Located(
                SourceSpan {
                    start: 6,
                    end: 11,
                },
                App(
                    Located(
                        SourceSpan {
                            start: 7,
                            end: 8,
                        },
                        Var(
                            QualifiedName {
                                [salsa id]: 2,
                                module: None,
                                name: Symbol {
                                    [salsa id]: 3,
                                    text: "g",
                                },
                            },
                        ),
                    ),
                    [
                        Located(
                            SourceSpan {
                                start: 9,
                                end: 10,
                            },
                            Var(
                                QualifiedName {
                                    [salsa id]: 3,
                                    module: None,
                                    name: Symbol {
                                        [salsa id]: 4,
                                        text: "x",
                                    },
                                },
                            ),
                        ),
                    ],
                ),
            ),
        ],
    ),
)
