---
source: src/parser.rs
expression: "parse_module(indoc!(r#\"\n            module Test where\n            class Foo (a :: Symbol)\n        \"#))"
---
Located(
    SourceSpan {
        start: 0,
        end: 42,
    },
    Commented(
        [],
        ModuleInner {
            name: QualifiedName {
                symbol: Symbol {
                    [salsa id]: 0,
                    text: "Test",
                },
                actually_qualified: false,
            },
            exports: None,
            imports: [],
            declarations: [
                Located(
                    SourceSpan {
                        start: 18,
                        end: 41,
                    },
                    Commented(
                        [],
                        Class(
                            TypeClassDeclaration {
                                constraints: [],
                                name: Symbol {
                                    [salsa id]: 1,
                                    text: "Foo",
                                },
                                params: [
                                    (
                                        Symbol {
                                            [salsa id]: 2,
                                            text: "a",
                                        },
                                        Some(
                                            Located(
                                                SourceSpan {
                                                    start: 34,
                                                    end: 40,
                                                },
                                                TypeConstructor(
                                                    QualifiedName {
                                                        symbol: Symbol {
                                                            [salsa id]: 3,
                                                            text: "Symbol",
                                                        },
                                                        actually_qualified: false,
                                                    },
                                                ),
                                            ),
                                        ),
                                    ),
                                ],
                                fundeps: [],
                                methods: [],
                            },
                        ),
                    ),
                ),
            ],
        },
    ),
)
