---
source: src/rename.rs
expression: "rename_mod(indoc!(\"\n        module Test where\n        \n        g = x\n        \"),\n    vec![])"
---
(
    IndexedModule {
        module_id: ModuleId {
            name: "Test",
        },
        types: {},
        values: {
            AbsoluteName {
                module: ModuleId {
                    name: "Test",
                },
                name: Symbol {
                    text: "g",
                },
            }: ValueDecl {
                name: AbsoluteName {
                    module: ModuleId {
                        name: "Test",
                    },
                    name: Symbol {
                        text: "g",
                    },
                },
                type_: None,
                equations: [
                    CaseBranch {
                        pats: [],
                        expr: Unconditional(
                            Located(
                                SourceSpan {
                                    start: 23,
                                    end: 24,
                                },
                                Var(
                                    QualifiedName {
                                        module: None,
                                        name: Symbol {
                                            text: "x",
                                        },
                                    },
                                ),
                            ),
                        ),
                    },
                ],
            },
        },
        classes: {},
    },
    [
        Diagnostic {
            name: Symbol(
                Id {
                    value: 2,
                },
            ),
            span: SourceSpan {
                start: 23,
                end: 24,
            },
            error: "Unknown variable 'x'",
        },
    ],
)
