---
source: src/parser.rs
expression: "parse_expr(r#\" x List.: xs \"#)"
---
Located(
    SourceSpan {
        start: 1,
        end: 12,
    },
    Infix(
        Located(
            SourceSpan {
                start: 1,
                end: 2,
            },
            Var(
                QualifiedName(
                    Symbol(
                        "x",
                    ),
                ),
            ),
        ),
        [
            (
                Symbol(
                    QualifiedName(
                        Symbol(
                            "List.:",
                        ),
                    ),
                ),
                Located(
                    SourceSpan {
                        start: 10,
                        end: 12,
                    },
                    Var(
                        QualifiedName(
                            Symbol(
                                "xs",
                            ),
                        ),
                    ),
                ),
            ),
        ],
    ),
)
