---
source: src/parser.rs
expression: "parse_type(\"a -> b ~> c -> d\")"
---
Located(
    SourceSpan {
        start: 0,
        end: 16,
    },
    FunctionType(
        Located(
            SourceSpan {
                start: 0,
                end: 1,
            },
            Var(
                Symbol {
                    [salsa id]: 0,
                    text: "a",
                },
            ),
        ),
        Located(
            SourceSpan {
                start: 5,
                end: 16,
            },
            FunctionType(
                Located(
                    SourceSpan {
                        start: 5,
                        end: 11,
                    },
                    Infix(
                        Located(
                            SourceSpan {
                                start: 5,
                                end: 6,
                            },
                            Var(
                                Symbol {
                                    [salsa id]: 1,
                                    text: "b",
                                },
                            ),
                        ),
                        [
                            (
                                QualifiedName {
                                    [salsa id]: 0,
                                    module: None,
                                    name: Symbol {
                                        [salsa id]: 2,
                                        text: "~>",
                                    },
                                },
                                Located(
                                    SourceSpan {
                                        start: 10,
                                        end: 11,
                                    },
                                    Var(
                                        Symbol {
                                            [salsa id]: 3,
                                            text: "c",
                                        },
                                    ),
                                ),
                            ),
                        ],
                    ),
                ),
                Located(
                    SourceSpan {
                        start: 15,
                        end: 16,
                    },
                    Var(
                        Symbol {
                            [salsa id]: 4,
                            text: "d",
                        },
                    ),
                ),
            ),
        ),
    ),
)
