---
source: src/parser.rs
expression: "parse_expr(r#\"Data.Maybe.fromJust\"#)"
---
Located(
    SourceSpan {
        start: 0,
        end: 19,
    },
    Var(
        QualifiedName {
            symbol: Symbol {
                [salsa id]: 0,
                text: "Data.Maybe.fromJust",
            },
            actually_qualified: true,
        },
    ),
)
