---
source: src/parser.rs
expression: "parse_module(indoc!(r#\"\n            module Test where\n            class Category :: forall k. (k -> k -> Type) -> Constraint\n        \"#))"
---
Located(
    SourceSpan {
        start: 0,
        end: 77,
    },
    Commented(
        [],
        ModuleInner {
            name: ModuleId {
                [salsa id]: 0,
                name: "Test",
            },
            exports: None,
            imports: [],
            declarations: [
                Located(
                    SourceSpan {
                        start: 18,
                        end: 76,
                    },
                    Commented(
                        [],
                        KindSignature {
                            for_type: Class,
                            name: Symbol {
                                [salsa id]: 0,
                                text: "Category",
                            },
                            kind: Located(
                                SourceSpan {
                                    start: 36,
                                    end: 76,
                                },
                                ForAll {
                                    vars: [
                                        (
                                            Symbol {
                                                [salsa id]: 1,
                                                text: "k",
                                            },
                                            None,
                                        ),
                                    ],
                                    body: Located(
                                        SourceSpan {
                                            start: 46,
                                            end: 76,
                                        },
                                        FunctionType(
                                            Located(
                                                SourceSpan {
                                                    start: 46,
                                                    end: 62,
                                                },
                                                FunctionType(
                                                    Located(
                                                        SourceSpan {
                                                            start: 47,
                                                            end: 48,
                                                        },
                                                        Var(
                                                            Symbol {
                                                                [salsa id]: 1,
                                                                text: "k",
                                                            },
                                                        ),
                                                    ),
                                                    Located(
                                                        SourceSpan {
                                                            start: 52,
                                                            end: 61,
                                                        },
                                                        FunctionType(
                                                            Located(
                                                                SourceSpan {
                                                                    start: 52,
                                                                    end: 53,
                                                                },
                                                                Var(
                                                                    Symbol {
                                                                        [salsa id]: 1,
                                                                        text: "k",
                                                                    },
                                                                ),
                                                            ),
                                                            Located(
                                                                SourceSpan {
                                                                    start: 57,
                                                                    end: 61,
                                                                },
                                                                TypeConstructor(
                                                                    QualifiedName {
                                                                        [salsa id]: 0,
                                                                        module: None,
                                                                        name: Symbol {
                                                                            [salsa id]: 2,
                                                                            text: "Type",
                                                                        },
                                                                    },
                                                                ),
                                                            ),
                                                        ),
                                                    ),
                                                ),
                                            ),
                                            Located(
                                                SourceSpan {
                                                    start: 66,
                                                    end: 76,
                                                },
                                                TypeConstructor(
                                                    QualifiedName {
                                                        [salsa id]: 1,
                                                        module: None,
                                                        name: Symbol {
                                                            [salsa id]: 3,
                                                            text: "Constraint",
                                                        },
                                                    },
                                                ),
                                            ),
                                        ),
                                    ),
                                    skolem_scope: None,
                                },
                            ),
                        },
                    ),
                ),
            ],
        },
    ),
)
