---
source: src/codegen.rs
expression: "test_bundle_mode(&[indoc!(r\"\n                module Test where\n                foo :: Int -> Int\n                foo = \\x -> x\n                \")],\n    (\"Test\", \"foo\"), BundleMode::Export)"
---
const Test__foo = (x) => x;
export default Test__foo;
