---
source: src/parser.rs
expression: "parse_type(\"Int\")"
---
Located(
    SourceSpan {
        start: 0,
        end: 3,
    },
    TypeConstructor(
        QualifiedName {
            symbol: Symbol {
                [salsa id]: 0,
                text: "Int",
            },
            actually_qualified: false,
        },
    ),
)
