---
source: src/parser.rs
expression: "parse_expr(r#\"f x y\"#)"
---
Located(
    SourceSpan {
        start: 0,
        end: 5,
    },
    App(
        Located(
            SourceSpan {
                start: 0,
                end: 1,
            },
            Var(
                QualifiedName {
                    symbol: Symbol {
                        [salsa id]: 0,
                        text: "f",
                    },
                    actually_qualified: false,
                },
            ),
        ),
        [
            Located(
                SourceSpan {
                    start: 2,
                    end: 3,
                },
                Var(
                    QualifiedName {
                        symbol: Symbol {
                            [salsa id]: 1,
                            text: "x",
                        },
                        actually_qualified: false,
                    },
                ),
            ),
            Located(
                SourceSpan {
                    start: 4,
                    end: 5,
                },
                Var(
                    QualifiedName {
                        symbol: Symbol {
                            [salsa id]: 2,
                            text: "y",
                        },
                        actually_qualified: false,
                    },
                ),
            ),
        ],
    ),
)
