---
source: src/indexed_module.rs
expression: "index_module(indoc!(\"\n        module Test where\n        foreign import foo :: Int\n        \"))"
---
(
    IndexedModule {
        module_id: ModuleId {
            name: "Test",
        },
        types: {},
        values: {
            AbsoluteName {
                module: ModuleId {
                    name: "Test",
                },
                name: Symbol {
                    text: "foo",
                },
            }: ValueDecl {
                name: AbsoluteName {
                    module: ModuleId {
                        name: "Test",
                    },
                    name: Symbol {
                        text: "foo",
                    },
                },
                type_: Some(
                    Located(
                        SourceSpan {
                            start: 40,
                            end: 43,
                        },
                        TypeConstructor(
                            QualifiedName {
                                module: None,
                                name: Symbol {
                                    text: "Int",
                                },
                            },
                        ),
                    ),
                ),
                equations: [],
            },
        },
        classes: {},
    },
    [],
)
