---
source: src/parser.rs
expression: "parse_expr(r#\" [true, false] \"#)"
---
Located(
    SourceSpan {
        decl: Module(
            ModuleId {
                name: "Test",
            },
        ),
        start: 1,
        end: 14,
    },
    Literal(
        Array(
            [
                Located(
                    SourceSpan {
                        decl: Module(
                            ModuleId {
                                name: "Test",
                            },
                        ),
                        start: 2,
                        end: 6,
                    },
                    Literal(
                        Boolean(
                            true,
                        ),
                    ),
                ),
                Located(
                    SourceSpan {
                        decl: Module(
                            ModuleId {
                                name: "Test",
                            },
                        ),
                        start: 8,
                        end: 13,
                    },
                    Literal(
                        Boolean(
                            false,
                        ),
                    ),
                ),
            ],
        ),
    ),
)
