---
source: src/parser.rs
expression: "parse_expr(\"foo bar :: Int\")"
---
Located(
    SourceSpan {
        start: 0,
        end: 14,
    },
    Typed(
        Located(
            SourceSpan {
                start: 0,
                end: 7,
            },
            App(
                Located(
                    SourceSpan {
                        start: 0,
                        end: 3,
                    },
                    Var(
                        QualifiedName {
                            symbol: Symbol {
                                [salsa id]: 0,
                                text: "foo",
                            },
                            actually_qualified: false,
                        },
                    ),
                ),
                [
                    Located(
                        SourceSpan {
                            start: 4,
                            end: 7,
                        },
                        Var(
                            QualifiedName {
                                symbol: Symbol {
                                    [salsa id]: 1,
                                    text: "bar",
                                },
                                actually_qualified: false,
                            },
                        ),
                    ),
                ],
            ),
        ),
        Located(
            SourceSpan {
                start: 11,
                end: 14,
            },
            TypeConstructor(
                QualifiedName {
                    symbol: Symbol {
                        [salsa id]: 2,
                        text: "Int",
                    },
                    actually_qualified: false,
                },
            ),
        ),
    ),
)
