---
source: src/parser.rs
expression: "parse_expr(\"(+)\")"
---
Located(
    SourceSpan {
        start: 0,
        end: 3,
    },
    Operator(
        Symbol(
            QualifiedName {
                module: None,
                name: Symbol {
                    text: "+",
                },
            },
        ),
    ),
)
