---
source: src/parser.rs
expression: "parse_type(\"Eq a => Show a => a\")"
---
Located(
    SourceSpan {
        start: 0,
        end: 19,
    },
    Constrained {
        constraint: Located(
            SourceSpan {
                start: 0,
                end: 4,
            },
            TypeApp(
                Located(
                    SourceSpan {
                        start: 0,
                        end: 2,
                    },
                    TypeConstructor(
                        QualifiedName {
                            module: None,
                            name: Symbol {
                                text: "Eq",
                            },
                        },
                    ),
                ),
                Located(
                    SourceSpan {
                        start: 3,
                        end: 4,
                    },
                    Var(
                        Symbol {
                            text: "a",
                        },
                    ),
                ),
            ),
        ),
        body: Located(
            SourceSpan {
                start: 8,
                end: 19,
            },
            Constrained {
                constraint: Located(
                    SourceSpan {
                        start: 8,
                        end: 14,
                    },
                    TypeApp(
                        Located(
                            SourceSpan {
                                start: 8,
                                end: 12,
                            },
                            TypeConstructor(
                                QualifiedName {
                                    module: None,
                                    name: Symbol {
                                        text: "Show",
                                    },
                                },
                            ),
                        ),
                        Located(
                            SourceSpan {
                                start: 13,
                                end: 14,
                            },
                            Var(
                                Symbol {
                                    text: "a",
                                },
                            ),
                        ),
                    ),
                ),
                body: Located(
                    SourceSpan {
                        start: 18,
                        end: 19,
                    },
                    Var(
                        Symbol {
                            text: "a",
                        },
                    ),
                ),
            },
        ),
    },
)
