---
source: src/parser.rs
expression: "parse_expr(r#\"f x y\"#)"
---
Located(
    SourceSpan {
        start: 0,
        end: 5,
    },
    App(
        Located(
            SourceSpan {
                start: 0,
                end: 1,
            },
            Var(
                QualifiedName(
                    Symbol(
                        "f",
                    ),
                ),
            ),
        ),
        [
            Located(
                SourceSpan {
                    start: 2,
                    end: 3,
                },
                Var(
                    QualifiedName(
                        Symbol(
                            "x",
                        ),
                    ),
                ),
            ),
            Located(
                SourceSpan {
                    start: 4,
                    end: 5,
                },
                Var(
                    QualifiedName(
                        Symbol(
                            "y",
                        ),
                    ),
                ),
            ),
        ],
    ),
)
