---
source: src/parser.rs
expression: "parse_module(indoc!(r#\"\n            module Test where\n            instance namedInstance :: Foo Int where\n        \"#))"
---
Located(
    SourceSpan {
        start: 0,
        end: 58,
    },
    Commented(
        [],
        ModuleInner {
            name: ModuleId {
                [salsa id]: 0,
                name: "Test",
            },
            exports: None,
            imports: [],
            declarations: [
                Located(
                    SourceSpan {
                        start: 18,
                        end: 58,
                    },
                    Commented(
                        [],
                        InstanceChain(
                            [
                                InstanceDeclaration {
                                    constraints: [],
                                    instance_type: Plain,
                                    instance_name: Some(
                                        Symbol {
                                            [salsa id]: 0,
                                            text: "namedInstance",
                                        },
                                    ),
                                    class: QualifiedName {
                                        [salsa id]: 0,
                                        module: None,
                                        name: Symbol {
                                            [salsa id]: 1,
                                            text: "Foo",
                                        },
                                    },
                                    args: [
                                        Located(
                                            SourceSpan {
                                                start: 48,
                                                end: 51,
                                            },
                                            TypeConstructor(
                                                QualifiedName {
                                                    [salsa id]: 1,
                                                    module: None,
                                                    name: Symbol {
                                                        [salsa id]: 2,
                                                        text: "Int",
                                                    },
                                                },
                                            ),
                                        ),
                                    ],
                                    body: [],
                                },
                            ],
                        ),
                    ),
                ),
            ],
        },
    ),
)
