---
source: src/parser.rs
expression: "parse_expr(\"(+)\")"
---
Located(
    SourceSpan {
        start: 0,
        end: 3,
    },
    Operator(
        Symbol(
            QualifiedName {
                symbol: Symbol {
                    [salsa id]: 0,
                    text: "+",
                },
                actually_qualified: false,
            },
        ),
    ),
)
