---
source: src/parser.rs
expression: "parse_expr(indoc!(\"\n          ado\n            x <- f\n            in 1\n        \"))"
---
Located(
    SourceSpan {
        start: 0,
        end: 19,
    },
    Ado(
        [
            Bind(
                Located(
                    SourceSpan {
                        start: 6,
                        end: 7,
                    },
                    Var(
                        Symbol(
                            Id {
                                value: 1,
                            },
                        ),
                    ),
                ),
                Located(
                    SourceSpan {
                        start: 11,
                        end: 12,
                    },
                    Var(
                        QualifiedName {
                            symbol: Symbol(
                                Id {
                                    value: 2,
                                },
                            ),
                            actually_qualified: false,
                        },
                    ),
                ),
            ),
        ],
        Located(
            SourceSpan {
                start: 18,
                end: 19,
            },
            Literal(
                Integer(
                    1,
                ),
            ),
        ),
    ),
)
