---
source: src/parser.rs
expression: "parse_module(indoc!(\"\n        module Test where\n        type role Foo phantom representational nominal\n        \"))"
---
Located(
    SourceSpan {
        start: 0,
        end: 65,
    },
    Commented(
        [],
        ModuleInner {
            name: QualifiedName {
                symbol: Symbol(
                    Id {
                        value: 1,
                    },
                ),
                actually_qualified: false,
            },
            exports: None,
            imports: [],
            declarations: [
                Located(
                    SourceSpan {
                        start: 18,
                        end: 64,
                    },
                    Commented(
                        [],
                        Role(
                            RoleDeclarationData {
                                ident: Symbol(
                                    Id {
                                        value: 2,
                                    },
                                ),
                                role: [
                                    Phantom,
                                    Representational,
                                    Nominal,
                                ],
                            },
                        ),
                    ),
                ),
            ],
        },
    ),
)
