---
source: src/parser.rs
expression: "parse_type(\"Maybe Int\")"
---
Located(
    SourceSpan {
        start: 0,
        end: 9,
    },
    TypeApp(
        Located(
            SourceSpan {
                start: 0,
                end: 5,
            },
            TypeConstructor(
                QualifiedName {
                    [salsa id]: 0,
                    module: None,
                    name: Symbol {
                        [salsa id]: 0,
                        text: "Maybe",
                    },
                },
            ),
        ),
        Located(
            SourceSpan {
                start: 6,
                end: 9,
            },
            TypeConstructor(
                QualifiedName {
                    [salsa id]: 1,
                    module: None,
                    name: Symbol {
                        [salsa id]: 1,
                        text: "Int",
                    },
                },
            ),
        ),
    ),
)
