---
source: src/rename.rs
expression: "rename_mod(indoc!(\"\n        module Test where\n        \n        f a a = a\n        \"),\n    vec![])"
---
f a a = a

[Diagnostic { span: SourceSpan { decl: Module(ModuleId(Id { value: 2 })), start: 23, end: 24 }, message: "Duplicate variable 'a' in pattern" }]
