---
source: src/parser.rs
expression: "parse_module(indoc!(\"\n        module Some.Module where\n        f Nothing = 1\n        \"))"
---
Located(
    SourceSpan {
        decl: Module(
            ModuleId {
                name: "Some.Module",
            },
        ),
        start: 0,
        end: 39,
    },
    Commented(
        [],
        ModuleInner {
            name: ModuleId {
                name: "Some.Module",
            },
            exports: None,
            imports: [],
            declarations: [
                Located(
                    SourceSpan {
                        decl: Module(
                            ModuleId {
                                name: "Some.Module",
                            },
                        ),
                        start: 25,
                        end: 38,
                    },
                    Commented(
                        [],
                        ValueDeclaration(
                            ValueDeclaration {
                                ident: Symbol {
                                    text: "f",
                                },
                                params: [
                                    Located(
                                        SourceSpan {
                                            decl: Module(
                                                ModuleId {
                                                    name: "Some.Module",
                                                },
                                            ),
                                            start: 27,
                                            end: 34,
                                        },
                                        DataConstructorApp(
                                            QualifiedName {
                                                module: None,
                                                name: Symbol {
                                                    text: "Nothing",
                                                },
                                            },
                                            [],
                                        ),
                                    ),
                                ],
                                expr: Unconditional(
                                    Located(
                                        SourceSpan {
                                            decl: Module(
                                                ModuleId {
                                                    name: "Some.Module",
                                                },
                                            ),
                                            start: 37,
                                            end: 38,
                                        },
                                        Literal(
                                            Integer(
                                                1,
                                            ),
                                        ),
                                    ),
                                ),
                            },
                        ),
                    ),
                ),
            ],
        },
    ),
)
