---
source: src/parser.rs
expression: "parse_expr(r#\" { foo, bar: 2 } \"#)"
---
Located(
    SourceSpan {
        start: 1,
        end: 16,
    },
    Literal(
        Object(
            [
                (
                    Symbol(
                        Id {
                            value: 1,
                        },
                    ),
                    Located(
                        SourceSpan {
                            start: 3,
                            end: 6,
                        },
                        Var(
                            QualifiedName {
                                symbol: Symbol(
                                    Id {
                                        value: 1,
                                    },
                                ),
                                actually_qualified: false,
                            },
                        ),
                    ),
                ),
                (
                    Symbol(
                        Id {
                            value: 2,
                        },
                    ),
                    Located(
                        SourceSpan {
                            start: 13,
                            end: 14,
                        },
                        Literal(
                            Integer(
                                2,
                            ),
                        ),
                    ),
                ),
            ],
        ),
    ),
)
