---
source: src/parser.rs
expression: "parse_type(\"( foo :: Int | e )\")"
---
Located(
    SourceSpan {
        start: 0,
        end: 18,
    },
    Row {
        fields: [
            (
                Symbol {
                    [salsa id]: 0,
                    text: "foo",
                },
                Located(
                    SourceSpan {
                        start: 9,
                        end: 12,
                    },
                    TypeConstructor(
                        QualifiedName {
                            [salsa id]: 0,
                            module: None,
                            name: Symbol {
                                [salsa id]: 1,
                                text: "Int",
                            },
                        },
                    ),
                ),
            ),
        ],
        rest: Some(
            Located(
                SourceSpan {
                    start: 15,
                    end: 16,
                },
                Var(
                    Symbol {
                        [salsa id]: 2,
                        text: "e",
                    },
                ),
            ),
        ),
    },
)
