---
source: src/parser.rs
expression: "parse_expr(r#\" true \"#)"
---
Located(
    SourceSpan {
        decl: Module(
            ModuleId {
                name: "Test",
            },
        ),
        start: 1,
        end: 5,
    },
    Literal(
        Boolean(
            true,
        ),
    ),
)
