---
source: src/renamed_module.rs
expression: "import_decls(indoc!(\"\n        module Test where\n        import Lib2 (x)\n        \"),\n    vec![LIB2])"
---
(
    [
        (
            None,
            DeclId {
                namespace: Value,
                module: ModuleId {
                    name: "Lib2",
                },
                name: Symbol {
                    text: "x",
                },
            },
        ),
    ],
    [],
)
