---
source: src/parser.rs
expression: "parse_expr(\"foo bar :: Int\")"
---
Located(
    SourceSpan {
        start: 0,
        end: 14,
    },
    Typed(
        Located(
            SourceSpan {
                start: 0,
                end: 7,
            },
            App(
                Located(
                    SourceSpan {
                        start: 0,
                        end: 3,
                    },
                    Var(
                        QualifiedName {
                            module: None,
                            name: Symbol {
                                text: "foo",
                            },
                        },
                    ),
                ),
                [
                    Located(
                        SourceSpan {
                            start: 4,
                            end: 7,
                        },
                        Var(
                            QualifiedName {
                                module: None,
                                name: Symbol {
                                    text: "bar",
                                },
                            },
                        ),
                    ),
                ],
            ),
        ),
        Located(
            SourceSpan {
                start: 11,
                end: 14,
            },
            TypeConstructor(
                QualifiedName {
                    module: None,
                    name: Symbol {
                        text: "Int",
                    },
                },
            ),
        ),
    ),
)
