---
source: src/parser.rs
expression: "parse_expr(indoc!(\"\n          do\n            x :: Int <- foo\n            pure 2\n        \"))"
---
Located(
    SourceSpan {
        start: 0,
        end: 30,
    },
    Do(
        [
            Bind(
                Located(
                    SourceSpan {
                        start: 5,
                        end: 13,
                    },
                    Typed(
                        Located(
                            SourceSpan {
                                start: 5,
                                end: 6,
                            },
                            Var(
                                Symbol {
                                    [salsa id]: 0,
                                    text: "x",
                                },
                            ),
                        ),
                        Located(
                            SourceSpan {
                                start: 10,
                                end: 13,
                            },
                            TypeConstructor(
                                QualifiedName {
                                    symbol: Symbol {
                                        [salsa id]: 1,
                                        text: "Int",
                                    },
                                    actually_qualified: false,
                                },
                            ),
                        ),
                    ),
                ),
                Located(
                    SourceSpan {
                        start: 17,
                        end: 20,
                    },
                    Var(
                        QualifiedName {
                            symbol: Symbol {
                                [salsa id]: 2,
                                text: "foo",
                            },
                            actually_qualified: false,
                        },
                    ),
                ),
            ),
            Expr(
                Located(
                    SourceSpan {
                        start: 23,
                        end: 29,
                    },
                    App(
                        Located(
                            SourceSpan {
                                start: 23,
                                end: 27,
                            },
                            Var(
                                QualifiedName {
                                    symbol: Symbol {
                                        [salsa id]: 3,
                                        text: "pure",
                                    },
                                    actually_qualified: false,
                                },
                            ),
                        ),
                        [
                            Located(
                                SourceSpan {
                                    start: 28,
                                    end: 29,
                                },
                                Literal(
                                    Integer(
                                        2,
                                    ),
                                ),
                            ),
                        ],
                    ),
                ),
            ),
        ],
    ),
)
