---
source: src/parser.rs
expression: "parse_expr(\"f r { x = 1, y = 2, \\\"random label\\\" = 3 }\")"
---
Located(
    SourceSpan {
        start: 0,
        end: 40,
    },
    App(
        Located(
            SourceSpan {
                start: 0,
                end: 1,
            },
            Var(
                QualifiedName {
                    symbol: Symbol(
                        Id {
                            value: 1,
                        },
                    ),
                    actually_qualified: false,
                },
            ),
        ),
        [
            Located(
                SourceSpan {
                    start: 4,
                    end: 40,
                },
                RecordUpdate(
                    Located(
                        SourceSpan {
                            start: 2,
                            end: 3,
                        },
                        Var(
                            QualifiedName {
                                symbol: Symbol(
                                    Id {
                                        value: 2,
                                    },
                                ),
                                actually_qualified: false,
                            },
                        ),
                    ),
                    [
                        (
                            Symbol(
                                Id {
                                    value: 3,
                                },
                            ),
                            Located(
                                SourceSpan {
                                    start: 10,
                                    end: 11,
                                },
                                Literal(
                                    Integer(
                                        1,
                                    ),
                                ),
                            ),
                        ),
                        (
                            Symbol(
                                Id {
                                    value: 4,
                                },
                            ),
                            Located(
                                SourceSpan {
                                    start: 17,
                                    end: 18,
                                },
                                Literal(
                                    Integer(
                                        2,
                                    ),
                                ),
                            ),
                        ),
                        (
                            Symbol(
                                Id {
                                    value: 5,
                                },
                            ),
                            Located(
                                SourceSpan {
                                    start: 37,
                                    end: 38,
                                },
                                Literal(
                                    Integer(
                                        3,
                                    ),
                                ),
                            ),
                        ),
                    ],
                ),
            ),
        ],
    ),
)
