---
source: src/desugar_rename.rs
expression: "index_module(indoc!(\"\n        module Test where\n        foo = 1\n        \"))"
---
(
    IndexedModule {
        module_id: ModuleId {
            [salsa id]: 0,
            name: "Test",
        },
        types: {},
        values: {
            AbsoluteName {
                [salsa id]: 0,
                module: ModuleId {
                    [salsa id]: 0,
                    name: "Test",
                },
                name: Symbol {
                    [salsa id]: 0,
                    text: "foo",
                },
            }: ValueDecl {
                name: AbsoluteName {
                    [salsa id]: 0,
                    module: ModuleId {
                        [salsa id]: 0,
                        name: "Test",
                    },
                    name: Symbol {
                        [salsa id]: 0,
                        text: "foo",
                    },
                },
                type_: None,
                equations: [
                    CaseBranch {
                        pats: [],
                        expr: Unconditional(
                            Located(
                                SourceSpan {
                                    start: 24,
                                    end: 25,
                                },
                                Literal(
                                    Integer(
                                        1,
                                    ),
                                ),
                            ),
                        ),
                    },
                ],
            },
        },
    },
    [],
)
