---
source: src/parser.rs
expression: "parse_module(indoc!(r#\"\n            module Test where\n            instance Foo Int where\n              x = 1\n            else instance Foo a where\n              x = 2\n        \"#))"
---
Located(
    SourceSpan {
        start: 0,
        end: 83,
    },
    Commented(
        [],
        ModuleInner {
            name: ModuleId {
                [salsa id]: 0,
                name: "Test",
            },
            exports: None,
            imports: [],
            declarations: [
                Located(
                    SourceSpan {
                        start: 18,
                        end: 83,
                    },
                    Commented(
                        [],
                        InstanceChain(
                            [
                                InstanceDeclaration {
                                    constraints: [],
                                    instance_type: Plain,
                                    instance_name: None,
                                    class: QualifiedName {
                                        [salsa id]: 0,
                                        module: None,
                                        name: Symbol {
                                            [salsa id]: 0,
                                            text: "Foo",
                                        },
                                    },
                                    args: [
                                        Located(
                                            SourceSpan {
                                                start: 31,
                                                end: 34,
                                            },
                                            TypeConstructor(
                                                QualifiedName {
                                                    [salsa id]: 1,
                                                    module: None,
                                                    name: Symbol {
                                                        [salsa id]: 1,
                                                        text: "Int",
                                                    },
                                                },
                                            ),
                                        ),
                                    ],
                                    body: [
                                        Located(
                                            SourceSpan {
                                                start: 43,
                                                end: 48,
                                            },
                                            Commented(
                                                [],
                                                ValueDeclaration(
                                                    ValueDeclaration {
                                                        ident: Symbol {
                                                            [salsa id]: 2,
                                                            text: "x",
                                                        },
                                                        params: [],
                                                        expr: Unconditional(
                                                            Located(
                                                                SourceSpan {
                                                                    start: 47,
                                                                    end: 48,
                                                                },
                                                                Literal(
                                                                    Integer(
                                                                        1,
                                                                    ),
                                                                ),
                                                            ),
                                                        ),
                                                    },
                                                ),
                                            ),
                                        ),
                                    ],
                                },
                                InstanceDeclaration {
                                    constraints: [],
                                    instance_type: Plain,
                                    instance_name: None,
                                    class: QualifiedName {
                                        [salsa id]: 0,
                                        module: None,
                                        name: Symbol {
                                            [salsa id]: 0,
                                            text: "Foo",
                                        },
                                    },
                                    args: [
                                        Located(
                                            SourceSpan {
                                                start: 67,
                                                end: 68,
                                            },
                                            Var(
                                                Symbol {
                                                    [salsa id]: 3,
                                                    text: "a",
                                                },
                                            ),
                                        ),
                                    ],
                                    body: [
                                        Located(
                                            SourceSpan {
                                                start: 77,
                                                end: 82,
                                            },
                                            Commented(
                                                [],
                                                ValueDeclaration(
                                                    ValueDeclaration {
                                                        ident: Symbol {
                                                            [salsa id]: 2,
                                                            text: "x",
                                                        },
                                                        params: [],
                                                        expr: Unconditional(
                                                            Located(
                                                                SourceSpan {
                                                                    start: 81,
                                                                    end: 82,
                                                                },
                                                                Literal(
                                                                    Integer(
                                                                        2,
                                                                    ),
                                                                ),
                                                            ),
                                                        ),
                                                    },
                                                ),
                                            ),
                                        ),
                                    ],
                                },
                            ],
                        ),
                    ),
                ),
            ],
        },
    ),
)
