---
source: src/parser.rs
expression: "parse_type(\"Prelude.Int\")"
---
Located(
    SourceSpan {
        decl: Module(
            ModuleId {
                name: "Test",
            },
        ),
        start: 0,
        end: 11,
    },
    TypeConstructor(
        QualifiedName {
            module: Some(
                ModuleId {
                    name: "Prelude",
                },
            ),
            name: Symbol {
                text: "Int",
            },
        },
    ),
)
