---
source: src/parser.rs
expression: "parse_expr(\"f r { x = 1 } { y: 2 } q\")"
---
Located(
    SourceSpan {
        start: 0,
        end: 24,
    },
    App(
        Located(
            SourceSpan {
                start: 0,
                end: 1,
            },
            Var(
                QualifiedName {
                    [salsa id]: 0,
                    module: None,
                    name: Symbol {
                        [salsa id]: 0,
                        text: "f",
                    },
                },
            ),
        ),
        [
            Located(
                SourceSpan {
                    start: 4,
                    end: 13,
                },
                RecordUpdate(
                    Located(
                        SourceSpan {
                            start: 2,
                            end: 3,
                        },
                        Var(
                            QualifiedName {
                                [salsa id]: 1,
                                module: None,
                                name: Symbol {
                                    [salsa id]: 1,
                                    text: "r",
                                },
                            },
                        ),
                    ),
                    [
                        (
                            Symbol {
                                [salsa id]: 2,
                                text: "x",
                            },
                            Located(
                                SourceSpan {
                                    start: 10,
                                    end: 11,
                                },
                                Literal(
                                    Integer(
                                        1,
                                    ),
                                ),
                            ),
                        ),
                    ],
                ),
            ),
            Located(
                SourceSpan {
                    start: 14,
                    end: 22,
                },
                Literal(
                    Object(
                        [
                            (
                                Symbol {
                                    [salsa id]: 3,
                                    text: "y",
                                },
                                Located(
                                    SourceSpan {
                                        start: 19,
                                        end: 20,
                                    },
                                    Literal(
                                        Integer(
                                            2,
                                        ),
                                    ),
                                ),
                            ),
                        ],
                    ),
                ),
            ),
            Located(
                SourceSpan {
                    start: 23,
                    end: 24,
                },
                Var(
                    QualifiedName {
                        [salsa id]: 2,
                        module: None,
                        name: Symbol {
                            [salsa id]: 4,
                            text: "q",
                        },
                    },
                ),
            ),
        ],
    ),
)
