---
source: src/parser.rs
expression: "parse_expr(r#\" [1] \"#)"
---
Located(
    SourceSpan {
        decl: Module(
            ModuleId {
                name: "Test",
            },
        ),
        start: 1,
        end: 4,
    },
    Literal(
        Array(
            [
                Located(
                    SourceSpan {
                        decl: Module(
                            ModuleId {
                                name: "Test",
                            },
                        ),
                        start: 2,
                        end: 3,
                    },
                    Literal(
                        Integer(
                            1,
                        ),
                    ),
                ),
            ],
        ),
    ),
)
