---
source: src/parser.rs
expression: "parse_module(indoc!(r#\"\n            module Test where\n            instance Foo Int where\n                x :: Int\n        \"#))"
---
Located(
    SourceSpan {
        start: 0,
        end: 54,
    },
    Commented(
        [],
        ModuleInner {
            name: QualifiedName {
                symbol: Symbol(
                    Id {
                        value: 1,
                    },
                ),
                actually_qualified: false,
            },
            exports: None,
            imports: [],
            declarations: [
                Located(
                    SourceSpan {
                        start: 18,
                        end: 54,
                    },
                    Commented(
                        [],
                        InstanceChain(
                            [
                                InstanceDeclaration {
                                    constraints: [],
                                    instance_type: Plain,
                                    instance_name: None,
                                    class: QualifiedName {
                                        symbol: Symbol(
                                            Id {
                                                value: 2,
                                            },
                                        ),
                                        actually_qualified: false,
                                    },
                                    args: [
                                        Located(
                                            SourceSpan {
                                                start: 31,
                                                end: 34,
                                            },
                                            TypeConstructor(
                                                QualifiedName {
                                                    symbol: Symbol(
                                                        Id {
                                                            value: 3,
                                                        },
                                                    ),
                                                    actually_qualified: false,
                                                },
                                            ),
                                        ),
                                    ],
                                    body: [
                                        Located(
                                            SourceSpan {
                                                start: 45,
                                                end: 53,
                                            },
                                            Commented(
                                                [],
                                                TypeSignature(
                                                    TypeDeclarationData {
                                                        ident: Symbol(
                                                            Id {
                                                                value: 4,
                                                            },
                                                        ),
                                                        type: Located(
                                                            SourceSpan {
                                                                start: 50,
                                                                end: 53,
                                                            },
                                                            TypeConstructor(
                                                                QualifiedName {
                                                                    symbol: Symbol(
                                                                        Id {
                                                                            value: 3,
                                                                        },
                                                                    ),
                                                                    actually_qualified: false,
                                                                },
                                                            ),
                                                        ),
                                                    },
                                                ),
                                            ),
                                        ),
                                    ],
                                },
                            ],
                        ),
                    ),
                ),
            ],
        },
    ),
)
