---
source: src/parser.rs
expression: "parse_expr(r#\" { foo } \"#)"
---
Located(
    SourceSpan {
        start: 1,
        end: 8,
    },
    Literal(
        Object(
            [
                (
                    Symbol {
                        [salsa id]: 0,
                        text: "foo",
                    },
                    Located(
                        SourceSpan {
                            start: 3,
                            end: 6,
                        },
                        Var(
                            QualifiedName {
                                symbol: Symbol {
                                    [salsa id]: 0,
                                    text: "foo",
                                },
                                actually_qualified: false,
                            },
                        ),
                    ),
                ),
            ],
        ),
    ),
)
