---
source: src/parser.rs
expression: "parse_module(indoc!(\"\n            module Control.Applicative\n              where\n            import Control.Apply\n        \"))"
---
Located(
    SourceSpan {
        start: 0,
        end: 56,
    },
    Commented(
        [],
        ModuleInner {
            name: QualifiedName {
                symbol: Symbol {
                    [salsa id]: 0,
                    text: "Control.Applicative",
                },
                actually_qualified: true,
            },
            exports: None,
            imports: [
                Located(
                    SourceSpan {
                        start: 35,
                        end: 56,
                    },
                    ImportInner {
                        module: QualifiedName {
                            symbol: Symbol {
                                [salsa id]: 1,
                                text: "Control.Apply",
                            },
                            actually_qualified: true,
                        },
                        kind: Implicit,
                        alias: None,
                    },
                ),
            ],
            declarations: [],
        },
    ),
)
