---
source: src/parser.rs
expression: "parse_expr(indoc!(\"\n          do\n            x :: Int <- foo\n            pure 2\n        \"))"
---
Located(
    SourceSpan {
        decl: Module(
            ModuleId {
                name: "Test",
            },
        ),
        start: 0,
        end: 30,
    },
    Do(
        [
            Bind(
                Located(
                    SourceSpan {
                        decl: Module(
                            ModuleId {
                                name: "Test",
                            },
                        ),
                        start: 5,
                        end: 13,
                    },
                    Typed(
                        Located(
                            SourceSpan {
                                decl: Module(
                                    ModuleId {
                                        name: "Test",
                                    },
                                ),
                                start: 5,
                                end: 6,
                            },
                            Var(
                                Symbol {
                                    text: "x",
                                },
                            ),
                        ),
                        Located(
                            SourceSpan {
                                decl: Module(
                                    ModuleId {
                                        name: "Test",
                                    },
                                ),
                                start: 10,
                                end: 13,
                            },
                            TypeConstructor(
                                QualifiedName {
                                    module: None,
                                    name: Symbol {
                                        text: "Int",
                                    },
                                },
                            ),
                        ),
                    ),
                ),
                Located(
                    SourceSpan {
                        decl: Module(
                            ModuleId {
                                name: "Test",
                            },
                        ),
                        start: 17,
                        end: 20,
                    },
                    Var(
                        QualifiedName {
                            module: None,
                            name: Symbol {
                                text: "foo",
                            },
                        },
                    ),
                ),
            ),
            Expr(
                Located(
                    SourceSpan {
                        decl: Module(
                            ModuleId {
                                name: "Test",
                            },
                        ),
                        start: 23,
                        end: 29,
                    },
                    App(
                        Located(
                            SourceSpan {
                                decl: Module(
                                    ModuleId {
                                        name: "Test",
                                    },
                                ),
                                start: 23,
                                end: 27,
                            },
                            Var(
                                QualifiedName {
                                    module: None,
                                    name: Symbol {
                                        text: "pure",
                                    },
                                },
                            ),
                        ),
                        [
                            Located(
                                SourceSpan {
                                    decl: Module(
                                        ModuleId {
                                            name: "Test",
                                        },
                                    ),
                                    start: 28,
                                    end: 29,
                                },
                                Literal(
                                    Integer(
                                        2,
                                    ),
                                ),
                            ),
                        ],
                    ),
                ),
            ),
        ],
    ),
)
