---
source: src/parser.rs
expression: "parse_type(\"Array (Maybe Int)\")"
---
Located(
    SourceSpan {
        start: 0,
        end: 17,
    },
    TypeApp(
        Located(
            SourceSpan {
                start: 0,
                end: 5,
            },
            TypeConstructor(
                QualifiedName {
                    symbol: Symbol {
                        [salsa id]: 0,
                        text: "Array",
                    },
                    actually_qualified: false,
                },
            ),
        ),
        Located(
            SourceSpan {
                start: 6,
                end: 17,
            },
            Parens(
                Located(
                    SourceSpan {
                        start: 7,
                        end: 16,
                    },
                    TypeApp(
                        Located(
                            SourceSpan {
                                start: 7,
                                end: 12,
                            },
                            TypeConstructor(
                                QualifiedName {
                                    symbol: Symbol {
                                        [salsa id]: 1,
                                        text: "Maybe",
                                    },
                                    actually_qualified: false,
                                },
                            ),
                        ),
                        Located(
                            SourceSpan {
                                start: 13,
                                end: 16,
                            },
                            TypeConstructor(
                                QualifiedName {
                                    symbol: Symbol {
                                        [salsa id]: 2,
                                        text: "Int",
                                    },
                                    actually_qualified: false,
                                },
                            ),
                        ),
                    ),
                ),
            ),
        ),
    ),
)
