---
source: src/parser.rs
expression: "parse_module(indoc!(r#\"\n            module Test where\n            class Foo a where\n              foo :: a -> Bool\n              bar :: a\n        \"#))"
---
Located(
    SourceSpan {
        start: 0,
        end: 66,
    },
    Commented(
        [],
        ModuleInner {
            name: QualifiedName {
                symbol: Symbol(
                    Id {
                        value: 1,
                    },
                ),
                actually_qualified: false,
            },
            exports: None,
            imports: [],
            declarations: [
                Located(
                    SourceSpan {
                        start: 18,
                        end: 66,
                    },
                    Commented(
                        [],
                        Class(
                            TypeClassDeclaration {
                                constraints: [],
                                name: Symbol(
                                    Id {
                                        value: 2,
                                    },
                                ),
                                params: [
                                    (
                                        Symbol(
                                            Id {
                                                value: 3,
                                            },
                                        ),
                                        None,
                                    ),
                                ],
                                fundeps: [],
                                methods: [
                                    TypeDeclarationData {
                                        ident: Symbol(
                                            Id {
                                                value: 4,
                                            },
                                        ),
                                        type: Located(
                                            SourceSpan {
                                                start: 45,
                                                end: 54,
                                            },
                                            FunctionType(
                                                Located(
                                                    SourceSpan {
                                                        start: 45,
                                                        end: 46,
                                                    },
                                                    Var(
                                                        Symbol(
                                                            Id {
                                                                value: 3,
                                                            },
                                                        ),
                                                    ),
                                                ),
                                                Located(
                                                    SourceSpan {
                                                        start: 50,
                                                        end: 54,
                                                    },
                                                    TypeConstructor(
                                                        QualifiedName {
                                                            symbol: Symbol(
                                                                Id {
                                                                    value: 5,
                                                                },
                                                            ),
                                                            actually_qualified: false,
                                                        },
                                                    ),
                                                ),
                                            ),
                                        ),
                                    },
                                    TypeDeclarationData {
                                        ident: Symbol(
                                            Id {
                                                value: 6,
                                            },
                                        ),
                                        type: Located(
                                            SourceSpan {
                                                start: 64,
                                                end: 65,
                                            },
                                            Var(
                                                Symbol(
                                                    Id {
                                                        value: 3,
                                                    },
                                                ),
                                            ),
                                        ),
                                    },
                                ],
                            },
                        ),
                    ),
                ),
            ],
        },
    ),
)
