---
source: src/parser.rs
expression: "parse_type(\"( foo :: Int, \\\"Bar\\\" :: String, data :: Int )\")"
---
Located(
    SourceSpan {
        start: 0,
        end: 44,
    },
    Row {
        fields: [
            (
                Symbol {
                    text: "foo",
                },
                Located(
                    SourceSpan {
                        start: 9,
                        end: 12,
                    },
                    TypeConstructor(
                        QualifiedName {
                            module: None,
                            name: Symbol {
                                text: "Int",
                            },
                        },
                    ),
                ),
            ),
            (
                Symbol {
                    text: "Bar",
                },
                Located(
                    SourceSpan {
                        start: 23,
                        end: 29,
                    },
                    TypeConstructor(
                        QualifiedName {
                            module: None,
                            name: Symbol {
                                text: "String",
                            },
                        },
                    ),
                ),
            ),
            (
                Symbol {
                    text: "data",
                },
                Located(
                    SourceSpan {
                        start: 39,
                        end: 42,
                    },
                    TypeConstructor(
                        QualifiedName {
                            module: None,
                            name: Symbol {
                                text: "Int",
                            },
                        },
                    ),
                ),
            ),
        ],
        rest: None,
    },
)
