---
source: src/parser.rs
expression: "parse_type(\"(->)\")"
---
Located(
    SourceSpan {
        start: 0,
        end: 4,
    },
    Operator(
        QualifiedName {
            [salsa id]: 0,
            module: None,
            name: Symbol {
                [salsa id]: 0,
                text: "->",
            },
        },
    ),
)
