---
source: src/parser.rs
expression: "parse_type(\"Prelude.Int\")"
---
Located(
    SourceSpan {
        start: 0,
        end: 11,
    },
    TypeConstructor(
        QualifiedName {
            symbol: Symbol {
                [salsa id]: 0,
                text: "Prelude.Int",
            },
            actually_qualified: true,
        },
    ),
)
