---
source: src/parser.rs
expression: "parse_expr(r#\" foo.\"Bar\" \"#)"
---
Located(
    SourceSpan {
        start: 1,
        end: 10,
    },
    Accessor(
        Located(
            SourceSpan {
                start: 1,
                end: 4,
            },
            Var(
                QualifiedName {
                    symbol: Symbol {
                        [salsa id]: 0,
                        text: "foo",
                    },
                    actually_qualified: false,
                },
            ),
        ),
        Symbol {
            [salsa id]: 1,
            text: "Bar",
        },
    ),
)
