---
source: src/parser.rs
expression: "parse_type(\"Int\")"
---
Located(
    SourceSpan {
        start: 0,
        end: 3,
    },
    TypeConstructor(
        QualifiedName {
            symbol: Symbol(
                Id {
                    value: 1,
                },
            ),
            actually_qualified: false,
        },
    ),
)
