---
source: src/parser.rs
expression: "parse_module(indoc!(\"\n          module Test where\n\n          import Foo.Asd\n          import Bar.Asd as Baz\n          import Qux.Asd (x)\n          import Zzz.Asd (y, z) as Yyy\n          import Aaa.Asd hiding (q)\n\n          x = 1\n\n        \"))"
---
Located(
    SourceSpan {
        decl: Module(
            ModuleId {
                name: "Test",
            },
        ),
        start: 0,
        end: 138,
    },
    Commented(
        [],
        ModuleInner {
            name: ModuleId {
                name: "Test",
            },
            exports: None,
            imports: [
                Located(
                    SourceSpan {
                        decl: Module(
                            ModuleId {
                                name: "Test",
                            },
                        ),
                        start: 19,
                        end: 34,
                    },
                    ImportInner {
                        module: ModuleId {
                            name: "Foo.Asd",
                        },
                        kind: Implicit,
                        alias: None,
                    },
                ),
                Located(
                    SourceSpan {
                        decl: Module(
                            ModuleId {
                                name: "Test",
                            },
                        ),
                        start: 34,
                        end: 55,
                    },
                    ImportInner {
                        module: ModuleId {
                            name: "Bar.Asd",
                        },
                        kind: Implicit,
                        alias: Some(
                            ModuleId {
                                name: "Baz",
                            },
                        ),
                    },
                ),
                Located(
                    SourceSpan {
                        decl: Module(
                            ModuleId {
                                name: "Test",
                            },
                        ),
                        start: 56,
                        end: 74,
                    },
                    ImportInner {
                        module: ModuleId {
                            name: "Qux.Asd",
                        },
                        kind: Explicit(
                            [
                                Located(
                                    SourceSpan {
                                        decl: Module(
                                            ModuleId {
                                                name: "Test",
                                            },
                                        ),
                                        start: 72,
                                        end: 73,
                                    },
                                    Value {
                                        name: Symbol {
                                            text: "x",
                                        },
                                    },
                                ),
                            ],
                        ),
                        alias: None,
                    },
                ),
                Located(
                    SourceSpan {
                        decl: Module(
                            ModuleId {
                                name: "Test",
                            },
                        ),
                        start: 75,
                        end: 103,
                    },
                    ImportInner {
                        module: ModuleId {
                            name: "Zzz.Asd",
                        },
                        kind: Explicit(
                            [
                                Located(
                                    SourceSpan {
                                        decl: Module(
                                            ModuleId {
                                                name: "Test",
                                            },
                                        ),
                                        start: 91,
                                        end: 92,
                                    },
                                    Value {
                                        name: Symbol {
                                            text: "y",
                                        },
                                    },
                                ),
                                Located(
                                    SourceSpan {
                                        decl: Module(
                                            ModuleId {
                                                name: "Test",
                                            },
                                        ),
                                        start: 94,
                                        end: 95,
                                    },
                                    Value {
                                        name: Symbol {
                                            text: "z",
                                        },
                                    },
                                ),
                            ],
                        ),
                        alias: Some(
                            ModuleId {
                                name: "Yyy",
                            },
                        ),
                    },
                ),
                Located(
                    SourceSpan {
                        decl: Module(
                            ModuleId {
                                name: "Test",
                            },
                        ),
                        start: 104,
                        end: 129,
                    },
                    ImportInner {
                        module: ModuleId {
                            name: "Aaa.Asd",
                        },
                        kind: Hiding(
                            [
                                Located(
                                    SourceSpan {
                                        decl: Module(
                                            ModuleId {
                                                name: "Test",
                                            },
                                        ),
                                        start: 127,
                                        end: 128,
                                    },
                                    Value {
                                        name: Symbol {
                                            text: "q",
                                        },
                                    },
                                ),
                            ],
                        ),
                        alias: None,
                    },
                ),
            ],
            declarations: [
                Located(
                    SourceSpan {
                        decl: Module(
                            ModuleId {
                                name: "Test",
                            },
                        ),
                        start: 131,
                        end: 136,
                    },
                    Commented(
                        [],
                        ValueDeclaration(
                            ValueDeclaration {
                                ident: Symbol {
                                    text: "x",
                                },
                                params: [],
                                expr: Unconditional(
                                    Located(
                                        SourceSpan {
                                            decl: Module(
                                                ModuleId {
                                                    name: "Test",
                                                },
                                            ),
                                            start: 135,
                                            end: 136,
                                        },
                                        Literal(
                                            Integer(
                                                1,
                                            ),
                                        ),
                                    ),
                                ),
                            },
                        ),
                    ),
                ),
            ],
        },
    ),
)
