---
source: src/parser.rs
expression: "parse_expr(r#\"\\x -> y\"#)"
---
Located(
    SourceSpan {
        start: 0,
        end: 7,
    },
    Lam(
        [
            Located(
                SourceSpan {
                    start: 1,
                    end: 2,
                },
                Var(
                    Symbol {
                        [salsa id]: 0,
                        text: "x",
                    },
                ),
            ),
        ],
        Located(
            SourceSpan {
                start: 6,
                end: 7,
            },
            Var(
                QualifiedName {
                    [salsa id]: 1,
                    module: None,
                    name: Symbol {
                        [salsa id]: 1,
                        text: "y",
                    },
                },
            ),
        ),
    ),
)
