---
source: src/parser.rs
expression: "parse_module(indoc!(\"\n        module Test where\n        infixr 4 type NaturalTransformation as ~>\n        \"))"
---
Located(
    SourceSpan {
        start: 0,
        end: 60,
    },
    Commented(
        [],
        ModuleInner {
            name: QualifiedName {
                symbol: Symbol {
                    [salsa id]: 0,
                    text: "Test",
                },
                actually_qualified: false,
            },
            exports: None,
            imports: [],
            declarations: [
                Located(
                    SourceSpan {
                        start: 18,
                        end: 59,
                    },
                    Commented(
                        [],
                        Operator {
                            associativity: Right,
                            precedence: 4,
                            name: Type(
                                QualifiedName {
                                    symbol: Symbol {
                                        [salsa id]: 1,
                                        text: "NaturalTransformation",
                                    },
                                    actually_qualified: false,
                                },
                            ),
                            operator: Symbol {
                                [salsa id]: 2,
                                text: "~>",
                            },
                        },
                    ),
                ),
            ],
        },
    ),
)
