---
source: src/parser.rs
expression: "parse_type(\"a + b\")"
---
Located(
    SourceSpan {
        start: 0,
        end: 5,
    },
    Infix(
        Located(
            SourceSpan {
                start: 0,
                end: 1,
            },
            Var(
                Symbol {
                    [salsa id]: 0,
                    text: "a",
                },
            ),
        ),
        [
            (
                QualifiedName {
                    [salsa id]: 0,
                    module: None,
                    name: Symbol {
                        [salsa id]: 1,
                        text: "+",
                    },
                },
                Located(
                    SourceSpan {
                        start: 4,
                        end: 5,
                    },
                    Var(
                        Symbol {
                            [salsa id]: 2,
                            text: "b",
                        },
                    ),
                ),
            ),
        ],
    ),
)
