---
source: src/parser.rs
expression: "parse_expr(\"-f x\")"
---
Located(
    SourceSpan {
        start: 0,
        end: 4,
    },
    Negate(
        Located(
            SourceSpan {
                start: 1,
                end: 4,
            },
            App(
                Located(
                    SourceSpan {
                        start: 1,
                        end: 2,
                    },
                    Var(
                        QualifiedName {
                            symbol: Symbol(
                                Id {
                                    value: 1,
                                },
                            ),
                            actually_qualified: false,
                        },
                    ),
                ),
                [
                    Located(
                        SourceSpan {
                            start: 3,
                            end: 4,
                        },
                        Var(
                            QualifiedName {
                                symbol: Symbol(
                                    Id {
                                        value: 2,
                                    },
                                ),
                                actually_qualified: false,
                            },
                        ),
                    ),
                ],
            ),
        ),
    ),
)
