---
source: src/parser.rs
expression: "parse_expr(indoc!(\"\n          do\n            x <- f\n            pure 1\n        \"))"
---
Located(
    SourceSpan {
        start: 0,
        end: 21,
    },
    Do(
        [
            Bind(
                Located(
                    SourceSpan {
                        start: 5,
                        end: 6,
                    },
                    Var(
                        Symbol {
                            [salsa id]: 0,
                            text: "x",
                        },
                    ),
                ),
                Located(
                    SourceSpan {
                        start: 10,
                        end: 11,
                    },
                    Var(
                        QualifiedName {
                            [salsa id]: 1,
                            module: None,
                            name: Symbol {
                                [salsa id]: 1,
                                text: "f",
                            },
                        },
                    ),
                ),
            ),
            Expr(
                Located(
                    SourceSpan {
                        start: 14,
                        end: 20,
                    },
                    App(
                        Located(
                            SourceSpan {
                                start: 14,
                                end: 18,
                            },
                            Var(
                                QualifiedName {
                                    [salsa id]: 2,
                                    module: None,
                                    name: Symbol {
                                        [salsa id]: 2,
                                        text: "pure",
                                    },
                                },
                            ),
                        ),
                        [
                            Located(
                                SourceSpan {
                                    start: 19,
                                    end: 20,
                                },
                                Literal(
                                    Integer(
                                        1,
                                    ),
                                ),
                            ),
                        ],
                    ),
                ),
            ),
        ],
    ),
)
