---
source: src/parser.rs
expression: "parse_module(indoc!(r#\"\n            module Test where\n            class Foo a b c | a b -> c, a -> b c where\n        \"#))"
---
Located(
    SourceSpan {
        start: 0,
        end: 61,
    },
    Commented(
        [],
        ModuleInner {
            name: ModuleId {
                [salsa id]: 0,
                name: "Test",
            },
            exports: None,
            imports: [],
            declarations: [
                Located(
                    SourceSpan {
                        start: 18,
                        end: 61,
                    },
                    Commented(
                        [],
                        Class(
                            TypeClassDeclaration {
                                constraints: [],
                                name: Symbol {
                                    [salsa id]: 0,
                                    text: "Foo",
                                },
                                params: [
                                    (
                                        Symbol {
                                            [salsa id]: 1,
                                            text: "a",
                                        },
                                        None,
                                    ),
                                    (
                                        Symbol {
                                            [salsa id]: 2,
                                            text: "b",
                                        },
                                        None,
                                    ),
                                    (
                                        Symbol {
                                            [salsa id]: 3,
                                            text: "c",
                                        },
                                        None,
                                    ),
                                ],
                                fundeps: [
                                    Fundep {
                                        from: [
                                            Symbol {
                                                [salsa id]: 1,
                                                text: "a",
                                            },
                                            Symbol {
                                                [salsa id]: 2,
                                                text: "b",
                                            },
                                        ],
                                        to: [
                                            Symbol {
                                                [salsa id]: 3,
                                                text: "c",
                                            },
                                        ],
                                    },
                                    Fundep {
                                        from: [
                                            Symbol {
                                                [salsa id]: 1,
                                                text: "a",
                                            },
                                        ],
                                        to: [
                                            Symbol {
                                                [salsa id]: 2,
                                                text: "b",
                                            },
                                            Symbol {
                                                [salsa id]: 3,
                                                text: "c",
                                            },
                                        ],
                                    },
                                ],
                                methods: [],
                            },
                        ),
                    ),
                ),
            ],
        },
    ),
)
