---
source: src/parser.rs
expression: "parse_type(\"Int\")"
---
Located(
    SourceSpan {
        start: 0,
        end: 3,
    },
    TypeConstructor(
        QualifiedName {
            [salsa id]: 0,
            module: None,
            name: Symbol {
                [salsa id]: 0,
                text: "Int",
            },
        },
    ),
)
