---
source: src/parser.rs
expression: "parse_type(\"a - b\")"
---
Located(
    SourceSpan {
        start: 0,
        end: 5,
    },
    Infix(
        Located(
            SourceSpan {
                start: 0,
                end: 1,
            },
            Var(
                Symbol(
                    "a",
                ),
            ),
        ),
        [
            (
                QualifiedName(
                    Symbol(
                        "-",
                    ),
                ),
                Located(
                    SourceSpan {
                        start: 4,
                        end: 5,
                    },
                    Var(
                        Symbol(
                            "b",
                        ),
                    ),
                ),
            ),
        ],
    ),
)
